[
  {
    "type": "number",
    "value": 42,
  },
  {
    "type": "eof",
  },
]