[
  {
    "type": "++",
  },
  {
    "type": "--",
  },
  {
    "type": "!",
  },
  {
    "type": "eof",
  },
]