[
  Artist {
    "albums": [],
    "artistId": 15,
    "name": "Buddy Guy",
  },
]