{
  "entities": [
    {
      "name": "Customer",
      "properties": [
        {
          "name": "id",
          "column": "Id",
          "type": "uuid",
          "nullable": false,
          "generate": {
            "using": "uuid"
          },
          "kind": "string",
          "maxLength": 36
        },
        {
          "name": "name",
          "column": "Name",
          "type": "varchar(255)",
          "nullable": false,
          "kind": "string",
          "maxLength": 255
        }
      ],
      "label": "customers",
      "table": "Customer",
      "key": [
        "id"
      ],
      "foreignKeys": [],
      "conditions": [],
      "data": [
        {
          "name": "Customer 1"
        },
        {
          "name": "Customer 2"
        },
        {
          "name": "Customer 3"
        }
      ]
    }
  ],
  "values": [],
  "sequences": [],
  "conversions": [
    [
      null,
      {
        "read": "(v) => (v === 1 ? true : v === 0 ? false : v)",
        "write": "(v) => (v === true ? 1 : v === false ? 0 : v)"
      }
    ],
    [
      null,
      {
        "read": "(s) => (s ? new Date(s) : s)",
        "write": "(d) => (d ? d.toISOString() : d)"
      }
    ]
  ]
}