[
  "Allan Holdsworth",
  "Allan Holdsworth",
  "Allan Holdsworth",
]