[
  Artist {
    "albums": [
      Album {
        "albumId": 4,
        "artist": undefined,
        "artistId": 1,
        "title": "Let There Be Rock",
        "tracks": [],
      },
      Album {
        "albumId": 1,
        "artist": undefined,
        "artistId": 1,
        "title": "For Those About To Rock We Salute You",
        "tracks": [],
      },
    ],
    "artistId": 1,
    "name": "AC/DC",
  },
  Artist {
    "albums": [
      Album {
        "albumId": 3,
        "artist": undefined,
        "artistId": 2,
        "title": "Restless and Wild",
        "tracks": [],
      },
      Album {
        "albumId": 2,
        "artist": undefined,
        "artistId": 2,
        "title": "Balls to the Wall",
        "tracks": [],
      },
    ],
    "artistId": 2,
    "name": "Accept",
  },
  Artist {
    "albums": [
      Album {
        "albumId": 5,
        "artist": undefined,
        "artistId": 3,
        "title": "Big Ones",
        "tracks": [],
      },
    ],
    "artistId": 3,
    "name": "Aerosmith",
  },
  Artist {
    "albums": [
      Album {
        "albumId": 6,
        "artist": undefined,
        "artistId": 4,
        "title": "Jagged Little Pill",
        "tracks": [],
      },
    ],
    "artistId": 4,
    "name": "Alanis Morissette",
  },
  Artist {
    "albums": [
      Album {
        "albumId": 7,
        "artist": undefined,
        "artistId": 5,
        "title": "Facelift",
        "tracks": [],
      },
    ],
    "artistId": 5,
    "name": "Alice In Chains",
  },
]