[
  1n,
  1n,
  1n,
  1n,
  1n,
  3n,
  3n,
  1n,
  2n,
  2n,
  1n,
  2n,
  1n,
  1n,
  4n,
  3n,
  1n,
  2n,
  1n,
  1n,
  1n,
  1n,
  6n,
  1n,
  1n,
  1n,
  1n,
  1n,
  1n,
  1n,
  14n,
  3n,
  3n,
  1n,
  1n,
  1n,
  3n,
  3n,
  1n,
  1n,
  4n,
  1n,
  1n,
  1n,
  1n,
  2n,
  2n,
  1n,
  1n,
  1n,
  3n,
  4n,
  1n,
  1n,
  3n,
  1n,
  1n,
  2n,
  1n,
  1n,
  1n,
  1n,
  1n,
  1n,
  1n,
  3n,
  1n,
  1n,
  1n,
  1n,
  1n,
  2n,
  2n,
  1n,
  1n,
  1n,
  2n,
  4n,
  2n,
  1n,
  1n,
  1n,
  1n,
  1n,
  1n,
  1n,
  1n,
  1n,
  1n,
  1n,
  1n,
  1n,
  1n,
  1n,
  1n,
  1n,
  1n,
  2n,
  1n,
  1n,
  1n,
  2n,
  1n,
  1n,
  1n,
  1n,
  21n,
  1n,
  1n,
  1n,
  1n,
  2n,
  1n,
  1n,
  1n,
  1n,
  1n,
  1n,
  1n,
  1n,
  1n,
  1n,
  2n,
  1n,
  1n,
  1n,
  10n,
  1n,
  1n,
  1n,
  1n,
  1n,
  1n,
  1n,
  1n,
  5n,
  1n,
  1n,
  1n,
  2n,
  2n,
  1n,
  1n,
  1n,
  1n,
  1n,
  1n,
  2n,
  3n,
  4n,
  1n,
  1n,
  1n,
  1n,
  1n,
  2n,
  1n,
  1n,
  1n,
  1n,
  1n,
  1n,
  1n,
  1n,
  10n,
  1n,
  2n,
  2n,
  1n,
  3n,
  2n,
  2n,
  1n,
  1n,
  1n,
  1n,
  1n,
  1n,
  1n,
  1n,
  1n,
  1n,
  1n,
  1n,
  1n,
  2n,
  2n,
  1n,
  2n,
  1n,
  1n,
  2n,
  2n,
  1n,
  1n,
  2n,
  3n,
  1n,
  2n,
  1n,
  1n,
  11n,
  1n,
  3n,
]