[
  [
    Artist {
      "artistId": 230,
      "name": "Aaron Copland & London Symphony Orchestra",
    },
  ],
  [
    Artist {
      "artistId": 202,
      "name": "Aaron Goldberg",
    },
  ],
  [
    Artist {
      "artistId": 215,
      "name": "Academy of St. Martin in the Fields Chamber Ensemble & Sir Neville Marriner",
    },
  ],
  [
    Artist {
      "artistId": 222,
      "name": "Academy of St. Martin in the Fields, John Birch, Sir Neville Marriner & Sylvia McNair",
    },
  ],
  [
    Artist {
      "artistId": 214,
      "name": "Academy of St. Martin in the Fields & Sir Neville Marriner",
    },
  ],
  [
    Artist {
      "artistId": 257,
      "name": "Academy of St. Martin in the Fields, Sir Neville Marriner & Thurston Dart",
    },
  ],
  [
    Artist {
      "artistId": 239,
      "name": "Academy of St. Martin in the Fields, Sir Neville Marriner & William Bennett",
    },
  ],
  [
    Artist {
      "artistId": 260,
      "name": "Adrian Leaper & Doreen de Feis",
    },
  ],
  [
    Artist {
      "artistId": 197,
      "name": "Aisha Duo",
    },
  ],
  [
    Artist {
      "artistId": 206,
      "name": "Alberto Turco & Nova Schola Gregoriana",
    },
  ],
  [
    Artist {
      "artistId": 252,
      "name": "Amy Winehouse",
    },
  ],
  [
    Artist {
      "artistId": 209,
      "name": "Anne-Sophie Mutter, Herbert Von Karajan & Wiener Philharmoniker",
    },
  ],
  [
    Artist {
      "artistId": 243,
      "name": "Antal Dor�ti & London Symphony Orchestra",
    },
  ],
  [
    Artist {
      "artistId": 224,
      "name": "Barry Wordsworth & BBC Concert Orchestra",
    },
  ],
  [
    Artist {
      "artistId": 216,
      "name": "Berliner Philharmoniker, Claudio Abbado & Sabine Meyer",
    },
  ],
  [
    Artist {
      "artistId": 237,
      "name": "Berliner Philharmoniker & Hans Rosbaud",
    },
  ],
  [
    Artist {
      "artistId": 248,
      "name": "Berliner Philharmoniker & Herbert Von Karajan",
    },
  ],
  [
    Artist {
      "artistId": 229,
      "name": "Boston Symphony Orchestra & Seiji Ozawa",
    },
  ],
  [
    Artist {
      "artistId": 219,
      "name": "Britten Sinfonia, Ivor Bolton & Lesley Garrett",
    },
  ],
  [
    Artist {
      "artistId": 196,
      "name": "Cake",
    },
  ],
  [
    Artist {
      "artistId": 253,
      "name": "Calexico",
    },
  ],
  [
    Artist {
      "artistId": 262,
      "name": "Charles Dutoit & L'Orchestre Symphonique de Montr�al",
    },
  ],
  [
    Artist {
      "artistId": 185,
      "name": "Charlie Brown Jr.",
    },
  ],
  [
    Artist {
      "artistId": 220,
      "name": "Chicago Symphony Chorus, Chicago Symphony Orchestra & Sir Georg Solti",
    },
  ],
  [
    Artist {
      "artistId": 233,
      "name": "Chicago Symphony Orchestra & Fritz Reiner",
    },
  ],
  [
    Artist {
      "artistId": 244,
      "name": "Choir Of Westminster Abbey & Simon Preston",
    },
  ],
  [
    Artist {
      "artistId": 246,
      "name": "Chor der Wiener Staatsoper, Herbert Von Karajan & Wiener Philharmoniker",
    },
  ],
  [
    Artist {
      "artistId": 205,
      "name": "Chris Cornell",
    },
  ],
  [
    Artist {
      "artistId": 250,
      "name": "Christopher O'Riley",
    },
  ],
  [
    Artist {
      "artistId": 273,
      "name": "C. Monteverdi, Nigel Rogers - Chiaroscuro; London Baroque; London Cornett & Sackbu",
    },
  ],
  [
    Artist {
      "artistId": 192,
      "name": "DJ Dolores & Orchestra Santa Massa",
    },
  ],
  [
    Artist {
      "artistId": 242,
      "name": "Edo de Waart & San Francisco Symphony",
    },
  ],
  [
    Artist {
      "artistId": 235,
      "name": "Emanuel Ax, Eugene Ormandy & Philadelphia Orchestra",
    },
  ],
  [
    Artist {
      "artistId": 272,
      "name": "Emerson String Quartet",
    },
  ],
  [
    Artist {
      "artistId": 208,
      "name": "English Concert & Trevor Pinnock",
    },
  ],
  [
    Artist {
      "artistId": 263,
      "name": "Equale Brass Ensemble, John Eliot Gardiner & Munich Monteverdi Orchestra and Choir",
    },
  ],
  [
    Artist {
      "artistId": 226,
      "name": "Eugene Ormandy",
    },
  ],
  [
    Artist {
      "artistId": 241,
      "name": "Felix Schmidt, London Symphony Orchestra & Rafael Fr�hbeck de Burgos",
    },
  ],
  [
    Artist {
      "artistId": 251,
      "name": "Fretwork",
    },
  ],
  [
    Artist {
      "artistId": 270,
      "name": "Gerald Moore",
    },
  ],
  [
    Artist {
      "artistId": 240,
      "name": "Gustav Mahler",
    },
  ],
  [
    Artist {
      "artistId": 183,
      "name": "Gustavo & Andres Veiga & Salazar",
    },
  ],
  [
    Artist {
      "artistId": 267,
      "name": "G�teborgs Symfoniker & Neeme J�rvi",
    },
  ],
  [
    Artist {
      "artistId": 198,
      "name": "Habib Koit� and Bamada",
    },
  ],
  [
    Artist {
      "artistId": 225,
      "name": "Herbert Von Karajan, Mirella Freni & Wiener Philharmoniker",
    },
  ],
  [
    Artist {
      "artistId": 210,
      "name": "Hilary Hahn, Jeffrey Kahane, Los Angeles Chamber Orchestra & Margaret Batjer",
    },
  ],
  [
    Artist {
      "artistId": 180,
      "name": "House Of Pain",
    },
  ],
  [
    Artist {
      "artistId": 190,
      "name": "Instituto",
    },
  ],
  [
    Artist {
      "artistId": 268,
      "name": "Itzhak Perlman",
    },
  ],
  [
    Artist {
      "artistId": 177,
      "name": "Jack's Mannequin & Mick Fleetwood",
    },
  ],
  [
    Artist {
      "artistId": 236,
      "name": "James Levine",
    },
  ],
  [
    Artist {
      "artistId": 265,
      "name": "Julian Bream",
    },
  ],
  [
    Artist {
      "artistId": 199,
      "name": "Karsh Kale",
    },
  ],
  [
    Artist {
      "artistId": 264,
      "name": "Kent Nagano and Orchestre de l'Op�ra de Lyon",
    },
  ],
  [
    Artist {
      "artistId": 228,
      "name": "Leonard Bernstein & New York Philharmonic",
    },
  ],
  [
    Artist {
      "artistId": 258,
      "name": "Les Arts Florissants & William Christie",
    },
  ],
  [
    Artist {
      "artistId": 223,
      "name": "London Symphony Orchestra & Sir Charles Mackerras",
    },
  ],
  [
    Artist {
      "artistId": 187,
      "name": "Los Hermanos",
    },
  ],
  [
    Artist {
      "artistId": 201,
      "name": "Luciana Souza/Romero Lubambo",
    },
  ],
  [
    Artist {
      "artistId": 227,
      "name": "Luciano Pavarotti",
    },
  ],
  [
    Artist {
      "artistId": 266,
      "name": "Martin Roscoe",
    },
  ],
  [
    Artist {
      "artistId": 238,
      "name": "Maurizio Pollini",
    },
  ],
  [
    Artist {
      "artistId": 271,
      "name": "Mela Tenenbaum, Pro Musica Prague & Richard Kapp",
    },
  ],
  [
    Artist {
      "artistId": 245,
      "name": "Michael Tilson Thomas & San Francisco Symphony",
    },
  ],
  [
    Artist {
      "artistId": 269,
      "name": "Michele Campanella",
    },
  ],
  [
    Artist {
      "artistId": 188,
      "name": "Mundo Livre S/A",
    },
  ],
  [
    Artist {
      "artistId": 274,
      "name": "Nash Ensemble",
    },
  ],
  [
    Artist {
      "artistId": 191,
      "name": "Na��o Zumbi",
    },
  ],
  [
    Artist {
      "artistId": 182,
      "name": "Nega Gizza",
    },
  ],
  [
    Artist {
      "artistId": 203,
      "name": "Nicolaus Esterhazy Sinfonia",
    },
  ],
  [
    Artist {
      "artistId": 234,
      "name": "Orchestra of The Age of Enlightenment",
    },
  ],
  [
    Artist {
      "artistId": 218,
      "name": "Orchestre R�volutionnaire et Romantique & John Eliot Gardiner",
    },
  ],
  [
    Artist {
      "artistId": 189,
      "name": "Otto",
    },
  ],
  [
    Artist {
      "artistId": 254,
      "name": "Otto Klemperer & Philharmonia Orchestra",
    },
  ],
  [
    Artist {
      "artistId": 186,
      "name": "Pedro Lu�s E A Parede",
    },
  ],
  [
    Artist {
      "artistId": 256,
      "name": "Philharmonia Orchestra & Sir Neville Marriner",
    },
  ],
  [
    Artist {
      "artistId": 275,
      "name": "Philip Glass Ensemble",
    },
  ],
  [
    Artist {
      "artistId": 178,
      "name": "Regina Spektor",
    },
  ],
  [
    Artist {
      "artistId": 207,
      "name": "Richard Marlow & The Choir of Trinity College, Cambridge",
    },
  ],
  [
    Artist {
      "artistId": 184,
      "name": "Rodox",
    },
  ],
  [
    Artist {
      "artistId": 261,
      "name": "Roger Norrington, London Classical Players",
    },
  ],
  [
    Artist {
      "artistId": 217,
      "name": "Royal Philharmonic Orchestra & Sir Thomas Beecham",
    },
  ],
  [
    Artist {
      "artistId": 194,
      "name": "Sabotage E Instituto",
    },
  ],
  [
    Artist {
      "artistId": 213,
      "name": "Scholars Baroque Ensemble",
    },
  ],
  [
    Artist {
      "artistId": 179,
      "name": "Scorpions",
    },
  ],
  [
    Artist {
      "artistId": 232,
      "name": "Sergei Prokofiev & Yuri Temirkanov",
    },
  ],
  [
    Artist {
      "artistId": 193,
      "name": "Seu Jorge",
    },
  ],
  [
    Artist {
      "artistId": 249,
      "name": "Sir Georg Solti, Sumi Jo & Wiener Philharmoniker",
    },
  ],
  [
    Artist {
      "artistId": 221,
      "name": "Sir Georg Solti & Wiener Philharmoniker",
    },
  ],
  [
    Artist {
      "artistId": 195,
      "name": "Stereo Maracana",
    },
  ],
  [
    Artist {
      "artistId": 204,
      "name": "Temple of the Dog",
    },
  ],
  [
    Artist {
      "artistId": 259,
      "name": "The 12 Cellists of The Berlin Philharmonic",
    },
  ],
  [
    Artist {
      "artistId": 176,
      "name": "The Flaming Lips",
    },
  ],
  [
    Artist {
      "artistId": 247,
      "name": "The King's Singers",
    },
  ],
  [
    Artist {
      "artistId": 200,
      "name": "The Posies",
    },
  ],
  [
    Artist {
      "artistId": 231,
      "name": "Ton Koopman",
    },
  ],
  [
    Artist {
      "artistId": 211,
      "name": "Wilhelm Kempff",
    },
  ],
  [
    Artist {
      "artistId": 181,
      "name": "Xis",
    },
  ],
  [
    Artist {
      "artistId": 255,
      "name": "Yehudi Menuhin",
    },
  ],
  [
    Artist {
      "artistId": 212,
      "name": "Yo-Yo Ma",
    },
  ],
]