[
  [
    undefined,
    Artist {
      "albums": [],
      "artistId": 2,
      "name": "Accept",
    },
    {
      "foo": "[3,"Aerosmith"]",
    },
  ],
]