[
  {
    "album": "Miles Ahead",
    "artist": "Miles Davis",
    "track": "Springsville",
  },
  {
    "album": "Miles Ahead",
    "artist": "Miles Davis",
    "track": "The Maids Of Cadiz",
  },
  {
    "album": "Miles Ahead",
    "artist": "Miles Davis",
    "track": "The Duke",
  },
  {
    "album": "Miles Ahead",
    "artist": "Miles Davis",
    "track": "My Ship",
  },
  {
    "album": "Miles Ahead",
    "artist": "Miles Davis",
    "track": "Miles Ahead",
  },
  {
    "album": "Miles Ahead",
    "artist": "Miles Davis",
    "track": "Blues For Pablo",
  },
  {
    "album": "Miles Ahead",
    "artist": "Miles Davis",
    "track": "New Rhumba",
  },
  {
    "album": "Miles Ahead",
    "artist": "Miles Davis",
    "track": "The Meaning Of The Blues",
  },
  {
    "album": "Miles Ahead",
    "artist": "Miles Davis",
    "track": "Lament",
  },
  {
    "album": "Miles Ahead",
    "artist": "Miles Davis",
    "track": "I Don't Wanna Be Kissed (By Anyone But You)",
  },
  {
    "album": "Miles Ahead",
    "artist": "Miles Davis",
    "track": "Springsville (Alternate Take)",
  },
  {
    "album": "Miles Ahead",
    "artist": "Miles Davis",
    "track": "Blues For Pablo (Alternate Take)",
  },
  {
    "album": "Miles Ahead",
    "artist": "Miles Davis",
    "track": "The Meaning Of The Blues/Lament (Alternate Take)",
  },
  {
    "album": "Miles Ahead",
    "artist": "Miles Davis",
    "track": "I Don't Wanna Be Kissed (By Anyone But You) (Alternate Take)",
  },
]