[
  Album {
    "albumId": 1,
    "artistId": 1,
    "title": "For Those About To Rock We Salute You",
  },
]