[
  [
    "For Those About To Rock We Salute You",
    "AC/DC",
  ],
  [
    "For Those About To Rock We Salute You",
    "Accept",
  ],
  [
    "For Those About To Rock We Salute You",
    "Aerosmith",
  ],
  [
    "For Those About To Rock We Salute You",
    "Alanis Morissette",
  ],
  [
    "For Those About To Rock We Salute You",
    "Alice In Chains",
  ],
  [
    "For Those About To Rock We Salute You",
    "Antônio Carlos Jobim",
  ],
  [
    "For Those About To Rock We Salute You",
    "Apocalyptica",
  ],
  [
    "For Those About To Rock We Salute You",
    "Audioslave",
  ],
  [
    "For Those About To Rock We Salute You",
    "BackBeat",
  ],
  [
    "For Those About To Rock We Salute You",
    "Billy Cobham",
  ],
  [
    "For Those About To Rock We Salute You",
    "Black Label Society",
  ],
  [
    "For Those About To Rock We Salute You",
    "Black Sabbath",
  ],
  [
    "For Those About To Rock We Salute You",
    "Body Count",
  ],
  [
    "For Those About To Rock We Salute You",
    "Bruce Dickinson",
  ],
  [
    "For Those About To Rock We Salute You",
    "Buddy Guy",
  ],
  [
    "For Those About To Rock We Salute You",
    "Caetano Veloso",
  ],
  [
    "For Those About To Rock We Salute You",
    "Chico Buarque",
  ],
  [
    "For Those About To Rock We Salute You",
    "Chico Science & Nação Zumbi",
  ],
  [
    "For Those About To Rock We Salute You",
    "Cidade Negra",
  ],
  [
    "For Those About To Rock We Salute You",
    "Cláudio Zoli",
  ],
  [
    "For Those About To Rock We Salute You",
    "Various Artists",
  ],
  [
    "For Those About To Rock We Salute You",
    "Led Zeppelin",
  ],
  [
    "For Those About To Rock We Salute You",
    "Frank Zappa & Captain Beefheart",
  ],
  [
    "For Those About To Rock We Salute You",
    "Marcos Valle",
  ],
  [
    "For Those About To Rock We Salute You",
    "Milton Nascimento & Bebeto",
  ],
  [
    "For Those About To Rock We Salute You",
    "Azymuth",
  ],
  [
    "For Those About To Rock We Salute You",
    "Gilberto Gil",
  ],
  [
    "For Those About To Rock We Salute You",
    "João Gilberto",
  ],
  [
    "For Those About To Rock We Salute You",
    "Bebel Gilberto",
  ],
  [
    "For Those About To Rock We Salute You",
    "Jorge Vercilo",
  ],
  [
    "For Those About To Rock We Salute You",
    "Baby Consuelo",
  ],
  [
    "For Those About To Rock We Salute You",
    "Ney Matogrosso",
  ],
  [
    "For Those About To Rock We Salute You",
    "Luiz Melodia",
  ],
  [
    "For Those About To Rock We Salute You",
    "Nando Reis",
  ],
  [
    "For Those About To Rock We Salute You",
    "Pedro Luís & A Parede",
  ],
  [
    "For Those About To Rock We Salute You",
    "O Rappa",
  ],
  [
    "For Those About To Rock We Salute You",
    "Ed Motta",
  ],
  [
    "For Those About To Rock We Salute You",
    "Banda Black Rio",
  ],
  [
    "For Those About To Rock We Salute You",
    "Fernanda Porto",
  ],
  [
    "For Those About To Rock We Salute You",
    "Os Cariocas",
  ],
  [
    "For Those About To Rock We Salute You",
    "Elis Regina",
  ],
  [
    "For Those About To Rock We Salute You",
    "Milton Nascimento",
  ],
  [
    "For Those About To Rock We Salute You",
    "A Cor Do Som",
  ],
  [
    "For Those About To Rock We Salute You",
    "Kid Abelha",
  ],
  [
    "For Those About To Rock We Salute You",
    "Sandra De Sá",
  ],
  [
    "For Those About To Rock We Salute You",
    "Jorge Ben",
  ],
  [
    "For Those About To Rock We Salute You",
    "Hermeto Pascoal",
  ],
  [
    "For Those About To Rock We Salute You",
    "Barão Vermelho",
  ],
  [
    "For Those About To Rock We Salute You",
    "Edson, DJ Marky & DJ Patife Featuring Fernanda Porto",
  ],
  [
    "For Those About To Rock We Salute You",
    "Metallica",
  ],
  [
    "For Those About To Rock We Salute You",
    "Queen",
  ],
  [
    "For Those About To Rock We Salute You",
    "Kiss",
  ],
  [
    "For Those About To Rock We Salute You",
    "Spyro Gyra",
  ],
  [
    "For Those About To Rock We Salute You",
    "Green Day",
  ],
  [
    "For Those About To Rock We Salute You",
    "David Coverdale",
  ],
  [
    "For Those About To Rock We Salute You",
    "Gonzaguinha",
  ],
  [
    "For Those About To Rock We Salute You",
    "Os Mutantes",
  ],
  [
    "For Those About To Rock We Salute You",
    "Deep Purple",
  ],
  [
    "For Those About To Rock We Salute You",
    "Santana",
  ],
  [
    "For Those About To Rock We Salute You",
    "Santana Feat. Dave Matthews",
  ],
  [
    "For Those About To Rock We Salute You",
    "Santana Feat. Everlast",
  ],
  [
    "For Those About To Rock We Salute You",
    "Santana Feat. Rob Thomas",
  ],
  [
    "For Those About To Rock We Salute You",
    "Santana Feat. Lauryn Hill & Cee-Lo",
  ],
  [
    "For Those About To Rock We Salute You",
    "Santana Feat. The Project G&B",
  ],
  [
    "For Those About To Rock We Salute You",
    "Santana Feat. Maná",
  ],
  [
    "For Those About To Rock We Salute You",
    "Santana Feat. Eagle-Eye Cherry",
  ],
  [
    "For Those About To Rock We Salute You",
    "Santana Feat. Eric Clapton",
  ],
  [
    "For Those About To Rock We Salute You",
    "Miles Davis",
  ],
  [
    "For Those About To Rock We Salute You",
    "Gene Krupa",
  ],
  [
    "For Those About To Rock We Salute You",
    "Toquinho & Vinícius",
  ],
  [
    "For Those About To Rock We Salute You",
    "Vinícius De Moraes & Baden Powell",
  ],
  [
    "For Those About To Rock We Salute You",
    "Vinícius De Moraes",
  ],
  [
    "For Those About To Rock We Salute You",
    "Vinícius E Qurteto Em Cy",
  ],
  [
    "For Those About To Rock We Salute You",
    "Vinícius E Odette Lara",
  ],
  [
    "For Those About To Rock We Salute You",
    "Vinicius, Toquinho & Quarteto Em Cy",
  ],
  [
    "For Those About To Rock We Salute You",
    "Creedence Clearwater Revival",
  ],
  [
    "For Those About To Rock We Salute You",
    "Cássia Eller",
  ],
  [
    "For Those About To Rock We Salute You",
    "Def Leppard",
  ],
  [
    "For Those About To Rock We Salute You",
    "Dennis Chambers",
  ],
  [
    "For Those About To Rock We Salute You",
    "Djavan",
  ],
  [
    "For Those About To Rock We Salute You",
    "Eric Clapton",
  ],
  [
    "For Those About To Rock We Salute You",
    "Faith No More",
  ],
  [
    "For Those About To Rock We Salute You",
    "Falamansa",
  ],
  [
    "For Those About To Rock We Salute You",
    "Foo Fighters",
  ],
  [
    "For Those About To Rock We Salute You",
    "Frank Sinatra",
  ],
  [
    "For Those About To Rock We Salute You",
    "Funk Como Le Gusta",
  ],
  [
    "For Those About To Rock We Salute You",
    "Godsmack",
  ],
  [
    "For Those About To Rock We Salute You",
    "Guns N' Roses",
  ],
  [
    "For Those About To Rock We Salute You",
    "Incognito",
  ],
  [
    "For Those About To Rock We Salute You",
    "Iron Maiden",
  ],
  [
    "For Those About To Rock We Salute You",
    "James Brown",
  ],
  [
    "For Those About To Rock We Salute You",
    "Jamiroquai",
  ],
  [
    "For Those About To Rock We Salute You",
    "JET",
  ],
  [
    "For Those About To Rock We Salute You",
    "Jimi Hendrix",
  ],
  [
    "For Those About To Rock We Salute You",
    "Joe Satriani",
  ],
  [
    "For Those About To Rock We Salute You",
    "Jota Quest",
  ],
  [
    "For Those About To Rock We Salute You",
    "João Suplicy",
  ],
  [
    "For Those About To Rock We Salute You",
    "Judas Priest",
  ],
  [
    "For Those About To Rock We Salute You",
    "Legião Urbana",
  ],
  [
    "For Those About To Rock We Salute You",
    "Lenny Kravitz",
  ],
  [
    "For Those About To Rock We Salute You",
    "Lulu Santos",
  ],
  [
    "For Those About To Rock We Salute You",
    "Marillion",
  ],
  [
    "For Those About To Rock We Salute You",
    "Marisa Monte",
  ],
  [
    "For Those About To Rock We Salute You",
    "Marvin Gaye",
  ],
  [
    "For Those About To Rock We Salute You",
    "Men At Work",
  ],
  [
    "For Those About To Rock We Salute You",
    "Motörhead",
  ],
  [
    "For Those About To Rock We Salute You",
    "Motörhead & Girlschool",
  ],
  [
    "For Those About To Rock We Salute You",
    "Mônica Marianno",
  ],
  [
    "For Those About To Rock We Salute You",
    "Mötley Crüe",
  ],
  [
    "For Those About To Rock We Salute You",
    "Nirvana",
  ],
  [
    "For Those About To Rock We Salute You",
    "O Terço",
  ],
  [
    "For Those About To Rock We Salute You",
    "Olodum",
  ],
  [
    "For Those About To Rock We Salute You",
    "Os Paralamas Do Sucesso",
  ],
  [
    "For Those About To Rock We Salute You",
    "Ozzy Osbourne",
  ],
  [
    "For Those About To Rock We Salute You",
    "Page & Plant",
  ],
  [
    "For Those About To Rock We Salute You",
    "Passengers",
  ],
  [
    "For Those About To Rock We Salute You",
    "Paul D'Ianno",
  ],
  [
    "For Those About To Rock We Salute You",
    "Pearl Jam",
  ],
  [
    "For Those About To Rock We Salute You",
    "Peter Tosh",
  ],
  [
    "For Those About To Rock We Salute You",
    "Pink Floyd",
  ],
  [
    "For Those About To Rock We Salute You",
    "Planet Hemp",
  ],
  [
    "For Those About To Rock We Salute You",
    "R.E.M. Feat. Kate Pearson",
  ],
  [
    "For Those About To Rock We Salute You",
    "R.E.M. Feat. KRS-One",
  ],
  [
    "For Those About To Rock We Salute You",
    "R.E.M.",
  ],
  [
    "For Those About To Rock We Salute You",
    "Raimundos",
  ],
  [
    "For Those About To Rock We Salute You",
    "Raul Seixas",
  ],
  [
    "For Those About To Rock We Salute You",
    "Red Hot Chili Peppers",
  ],
  [
    "For Those About To Rock We Salute You",
    "Rush",
  ],
  [
    "For Those About To Rock We Salute You",
    "Simply Red",
  ],
  [
    "For Those About To Rock We Salute You",
    "Skank",
  ],
  [
    "For Those About To Rock We Salute You",
    "Smashing Pumpkins",
  ],
  [
    "For Those About To Rock We Salute You",
    "Soundgarden",
  ],
  [
    "For Those About To Rock We Salute You",
    "Stevie Ray Vaughan & Double Trouble",
  ],
  [
    "For Those About To Rock We Salute You",
    "Stone Temple Pilots",
  ],
  [
    "For Those About To Rock We Salute You",
    "System Of A Down",
  ],
  [
    "For Those About To Rock We Salute You",
    "Terry Bozzio, Tony Levin & Steve Stevens",
  ],
  [
    "For Those About To Rock We Salute You",
    "The Black Crowes",
  ],
  [
    "For Those About To Rock We Salute You",
    "The Clash",
  ],
  [
    "For Those About To Rock We Salute You",
    "The Cult",
  ],
  [
    "For Those About To Rock We Salute You",
    "The Doors",
  ],
  [
    "For Those About To Rock We Salute You",
    "The Police",
  ],
  [
    "For Those About To Rock We Salute You",
    "The Rolling Stones",
  ],
  [
    "For Those About To Rock We Salute You",
    "The Tea Party",
  ],
  [
    "For Those About To Rock We Salute You",
    "The Who",
  ],
  [
    "For Those About To Rock We Salute You",
    "Tim Maia",
  ],
  [
    "For Those About To Rock We Salute You",
    "Titãs",
  ],
  [
    "For Those About To Rock We Salute You",
    "Battlestar Galactica",
  ],
  [
    "For Those About To Rock We Salute You",
    "Heroes",
  ],
  [
    "For Those About To Rock We Salute You",
    "Lost",
  ],
  [
    "For Those About To Rock We Salute You",
    "U2",
  ],
  [
    "For Those About To Rock We Salute You",
    "UB40",
  ],
  [
    "For Those About To Rock We Salute You",
    "Van Halen",
  ],
  [
    "For Those About To Rock We Salute You",
    "Velvet Revolver",
  ],
  [
    "For Those About To Rock We Salute You",
    "Whitesnake",
  ],
  [
    "For Those About To Rock We Salute You",
    "Zeca Pagodinho",
  ],
  [
    "For Those About To Rock We Salute You",
    "The Office",
  ],
  [
    "For Those About To Rock We Salute You",
    "Dread Zeppelin",
  ],
  [
    "For Those About To Rock We Salute You",
    "Battlestar Galactica (Classic)",
  ],
  [
    "For Those About To Rock We Salute You",
    "Aquaman",
  ],
  [
    "For Those About To Rock We Salute You",
    "Christina Aguilera featuring BigElf",
  ],
  [
    "For Those About To Rock We Salute You",
    "Aerosmith & Sierra Leone's Refugee Allstars",
  ],
  [
    "For Those About To Rock We Salute You",
    "Los Lonely Boys",
  ],
  [
    "For Those About To Rock We Salute You",
    "Corinne Bailey Rae",
  ],
  [
    "For Those About To Rock We Salute You",
    "Dhani Harrison & Jakob Dylan",
  ],
  [
    "For Those About To Rock We Salute You",
    "Jackson Browne",
  ],
  [
    "For Those About To Rock We Salute You",
    "Avril Lavigne",
  ],
  [
    "For Those About To Rock We Salute You",
    "Big & Rich",
  ],
  [
    "For Those About To Rock We Salute You",
    "Youssou N'Dour",
  ],
  [
    "For Those About To Rock We Salute You",
    "Black Eyed Peas",
  ],
  [
    "For Those About To Rock We Salute You",
    "Jack Johnson",
  ],
  [
    "For Those About To Rock We Salute You",
    "Ben Harper",
  ],
  [
    "For Those About To Rock We Salute You",
    "Snow Patrol",
  ],
  [
    "For Those About To Rock We Salute You",
    "Matisyahu",
  ],
  [
    "For Those About To Rock We Salute You",
    "The Postal Service",
  ],
  [
    "For Those About To Rock We Salute You",
    "Jaguares",
  ],
  [
    "For Those About To Rock We Salute You",
    "The Flaming Lips",
  ],
  [
    "For Those About To Rock We Salute You",
    "Jack's Mannequin & Mick Fleetwood",
  ],
  [
    "For Those About To Rock We Salute You",
    "Regina Spektor",
  ],
  [
    "For Those About To Rock We Salute You",
    "Scorpions",
  ],
  [
    "For Those About To Rock We Salute You",
    "House Of Pain",
  ],
  [
    "For Those About To Rock We Salute You",
    "Xis",
  ],
  [
    "For Those About To Rock We Salute You",
    "Nega Gizza",
  ],
  [
    "For Those About To Rock We Salute You",
    "Gustavo & Andres Veiga & Salazar",
  ],
  [
    "For Those About To Rock We Salute You",
    "Rodox",
  ],
  [
    "For Those About To Rock We Salute You",
    "Charlie Brown Jr.",
  ],
  [
    "For Those About To Rock We Salute You",
    "Pedro Luís E A Parede",
  ],
  [
    "For Those About To Rock We Salute You",
    "Los Hermanos",
  ],
  [
    "For Those About To Rock We Salute You",
    "Mundo Livre S/A",
  ],
  [
    "For Those About To Rock We Salute You",
    "Otto",
  ],
  [
    "For Those About To Rock We Salute You",
    "Instituto",
  ],
  [
    "For Those About To Rock We Salute You",
    "Nação Zumbi",
  ],
  [
    "For Those About To Rock We Salute You",
    "DJ Dolores & Orchestra Santa Massa",
  ],
  [
    "For Those About To Rock We Salute You",
    "Seu Jorge",
  ],
  [
    "For Those About To Rock We Salute You",
    "Sabotage E Instituto",
  ],
  [
    "For Those About To Rock We Salute You",
    "Stereo Maracana",
  ],
  [
    "For Those About To Rock We Salute You",
    "Cake",
  ],
  [
    "For Those About To Rock We Salute You",
    "Aisha Duo",
  ],
  [
    "For Those About To Rock We Salute You",
    "Habib Koité and Bamada",
  ],
  [
    "For Those About To Rock We Salute You",
    "Karsh Kale",
  ],
  [
    "For Those About To Rock We Salute You",
    "The Posies",
  ],
  [
    "For Those About To Rock We Salute You",
    "Luciana Souza/Romero Lubambo",
  ],
  [
    "For Those About To Rock We Salute You",
    "Aaron Goldberg",
  ],
  [
    "For Those About To Rock We Salute You",
    "Nicolaus Esterhazy Sinfonia",
  ],
  [
    "For Those About To Rock We Salute You",
    "Temple of the Dog",
  ],
  [
    "For Those About To Rock We Salute You",
    "Chris Cornell",
  ],
  [
    "For Those About To Rock We Salute You",
    "Alberto Turco & Nova Schola Gregoriana",
  ],
  [
    "For Those About To Rock We Salute You",
    "Richard Marlow & The Choir of Trinity College, Cambridge",
  ],
  [
    "For Those About To Rock We Salute You",
    "English Concert & Trevor Pinnock",
  ],
  [
    "For Those About To Rock We Salute You",
    "Anne-Sophie Mutter, Herbert Von Karajan & Wiener Philharmoniker",
  ],
  [
    "For Those About To Rock We Salute You",
    "Hilary Hahn, Jeffrey Kahane, Los Angeles Chamber Orchestra & Margaret Batjer",
  ],
  [
    "For Those About To Rock We Salute You",
    "Wilhelm Kempff",
  ],
  [
    "For Those About To Rock We Salute You",
    "Yo-Yo Ma",
  ],
  [
    "For Those About To Rock We Salute You",
    "Scholars Baroque Ensemble",
  ],
  [
    "For Those About To Rock We Salute You",
    "Academy of St. Martin in the Fields & Sir Neville Marriner",
  ],
  [
    "For Those About To Rock We Salute You",
    "Academy of St. Martin in the Fields Chamber Ensemble & Sir Neville Marriner",
  ],
  [
    "For Those About To Rock We Salute You",
    "Berliner Philharmoniker, Claudio Abbado & Sabine Meyer",
  ],
  [
    "For Those About To Rock We Salute You",
    "Royal Philharmonic Orchestra & Sir Thomas Beecham",
  ],
  [
    "For Those About To Rock We Salute You",
    "Orchestre Révolutionnaire et Romantique & John Eliot Gardiner",
  ],
  [
    "For Those About To Rock We Salute You",
    "Britten Sinfonia, Ivor Bolton & Lesley Garrett",
  ],
  [
    "For Those About To Rock We Salute You",
    "Chicago Symphony Chorus, Chicago Symphony Orchestra & Sir Georg Solti",
  ],
  [
    "For Those About To Rock We Salute You",
    "Sir Georg Solti & Wiener Philharmoniker",
  ],
  [
    "For Those About To Rock We Salute You",
    "Academy of St. Martin in the Fields, John Birch, Sir Neville Marriner & Sylvia McNair",
  ],
  [
    "For Those About To Rock We Salute You",
    "London Symphony Orchestra & Sir Charles Mackerras",
  ],
  [
    "For Those About To Rock We Salute You",
    "Barry Wordsworth & BBC Concert Orchestra",
  ],
  [
    "For Those About To Rock We Salute You",
    "Herbert Von Karajan, Mirella Freni & Wiener Philharmoniker",
  ],
  [
    "For Those About To Rock We Salute You",
    "Eugene Ormandy",
  ],
  [
    "For Those About To Rock We Salute You",
    "Luciano Pavarotti",
  ],
  [
    "For Those About To Rock We Salute You",
    "Leonard Bernstein & New York Philharmonic",
  ],
  [
    "For Those About To Rock We Salute You",
    "Boston Symphony Orchestra & Seiji Ozawa",
  ],
  [
    "For Those About To Rock We Salute You",
    "Aaron Copland & London Symphony Orchestra",
  ],
  [
    "For Those About To Rock We Salute You",
    "Ton Koopman",
  ],
  [
    "For Those About To Rock We Salute You",
    "Sergei Prokofiev & Yuri Temirkanov",
  ],
  [
    "For Those About To Rock We Salute You",
    "Chicago Symphony Orchestra & Fritz Reiner",
  ],
  [
    "For Those About To Rock We Salute You",
    "Orchestra of The Age of Enlightenment",
  ],
  [
    "For Those About To Rock We Salute You",
    "Emanuel Ax, Eugene Ormandy & Philadelphia Orchestra",
  ],
  [
    "For Those About To Rock We Salute You",
    "James Levine",
  ],
  [
    "For Those About To Rock We Salute You",
    "Berliner Philharmoniker & Hans Rosbaud",
  ],
  [
    "For Those About To Rock We Salute You",
    "Maurizio Pollini",
  ],
  [
    "For Those About To Rock We Salute You",
    "Academy of St. Martin in the Fields, Sir Neville Marriner & William Bennett",
  ],
  [
    "For Those About To Rock We Salute You",
    "Gustav Mahler",
  ],
  [
    "For Those About To Rock We Salute You",
    "Felix Schmidt, London Symphony Orchestra & Rafael Frühbeck de Burgos",
  ],
  [
    "For Those About To Rock We Salute You",
    "Edo de Waart & San Francisco Symphony",
  ],
  [
    "For Those About To Rock We Salute You",
    "Antal Doráti & London Symphony Orchestra",
  ],
  [
    "For Those About To Rock We Salute You",
    "Choir Of Westminster Abbey & Simon Preston",
  ],
  [
    "For Those About To Rock We Salute You",
    "Michael Tilson Thomas & San Francisco Symphony",
  ],
  [
    "For Those About To Rock We Salute You",
    "Chor der Wiener Staatsoper, Herbert Von Karajan & Wiener Philharmoniker",
  ],
  [
    "For Those About To Rock We Salute You",
    "The King's Singers",
  ],
  [
    "For Those About To Rock We Salute You",
    "Berliner Philharmoniker & Herbert Von Karajan",
  ],
  [
    "For Those About To Rock We Salute You",
    "Sir Georg Solti, Sumi Jo & Wiener Philharmoniker",
  ],
  [
    "For Those About To Rock We Salute You",
    "Christopher O'Riley",
  ],
  [
    "For Those About To Rock We Salute You",
    "Fretwork",
  ],
  [
    "For Those About To Rock We Salute You",
    "Amy Winehouse",
  ],
  [
    "For Those About To Rock We Salute You",
    "Calexico",
  ],
  [
    "For Those About To Rock We Salute You",
    "Otto Klemperer & Philharmonia Orchestra",
  ],
  [
    "For Those About To Rock We Salute You",
    "Yehudi Menuhin",
  ],
  [
    "For Those About To Rock We Salute You",
    "Philharmonia Orchestra & Sir Neville Marriner",
  ],
  [
    "For Those About To Rock We Salute You",
    "Academy of St. Martin in the Fields, Sir Neville Marriner & Thurston Dart",
  ],
  [
    "For Those About To Rock We Salute You",
    "Les Arts Florissants & William Christie",
  ],
  [
    "For Those About To Rock We Salute You",
    "The 12 Cellists of The Berlin Philharmonic",
  ],
  [
    "For Those About To Rock We Salute You",
    "Adrian Leaper & Doreen de Feis",
  ],
  [
    "For Those About To Rock We Salute You",
    "Roger Norrington, London Classical Players",
  ],
  [
    "For Those About To Rock We Salute You",
    "Charles Dutoit & L'Orchestre Symphonique de Montréal",
  ],
  [
    "For Those About To Rock We Salute You",
    "Equale Brass Ensemble, John Eliot Gardiner & Munich Monteverdi Orchestra and Choir",
  ],
  [
    "For Those About To Rock We Salute You",
    "Kent Nagano and Orchestre de l'Opéra de Lyon",
  ],
  [
    "For Those About To Rock We Salute You",
    "Julian Bream",
  ],
  [
    "For Those About To Rock We Salute You",
    "Martin Roscoe",
  ],
  [
    "For Those About To Rock We Salute You",
    "Göteborgs Symfoniker & Neeme Järvi",
  ],
  [
    "For Those About To Rock We Salute You",
    "Itzhak Perlman",
  ],
  [
    "For Those About To Rock We Salute You",
    "Michele Campanella",
  ],
  [
    "For Those About To Rock We Salute You",
    "Gerald Moore",
  ],
  [
    "For Those About To Rock We Salute You",
    "Mela Tenenbaum, Pro Musica Prague & Richard Kapp",
  ],
  [
    "For Those About To Rock We Salute You",
    "Emerson String Quartet",
  ],
  [
    "For Those About To Rock We Salute You",
    "C. Monteverdi, Nigel Rogers - Chiaroscuro; London Baroque; London Cornett & Sackbu",
  ],
  [
    "For Those About To Rock We Salute You",
    "Nash Ensemble",
  ],
  [
    "For Those About To Rock We Salute You",
    "Philip Glass Ensemble",
  ],
]