[
  {
    "argument": {
      "name": "foo",
      "type": "IdentifierExpression",
    },
    "operator": "++",
    "prefix": false,
    "type": "UnaryExpression",
  },
  {
    "argument": {
      "name": "abc",
      "type": "IdentifierExpression",
    },
    "operator": "--",
    "prefix": false,
    "type": "UnaryExpression",
  },
]