{
  "entities": [
    {
      "name": "Entity",
      "properties": [
        {
          "name": "num",
          "column": "Num",
          "type": "varchar(2)",
          "nullable": false,
          "convert": {
            "read": "(v) => Number.parseInt(v)",
            "write": "(v) => String(v)"
          },
          "kind": "number",
          "precision": 18,
          "scale": 4
        },
        {
          "name": "bool",
          "column": "Bool",
          "type": "boolean",
          "nullable": true,
          "kind": "boolean"
        },
        {
          "name": "date",
          "column": "Date",
          "type": "timestamp with time zone",
          "nullable": true
        }
      ],
      "label": "entities",
      "table": "Entity",
      "key": [
        "num"
      ],
      "foreignKeys": [],
      "conditions": []
    }
  ],
  "values": [],
  "sequences": [
    {
      "name": "__verse_seqhilo",
      "start": 1,
      "increment": 10
    }
  ],
  "conversions": []
}