[
  Artist {
    "albums": [],
    "artistId": 25,
    "name": "Milton Nascimento & Bebeto",
  },
]