[
  Customer {
    "address": Address {
      "city": "The Wall",
      "street": "Castle Black",
    },
    "id": 1,
    "name": "John Snow",
    "range": {
      "from": 1,
      "to": 10,
    },
    "shipTo": Address {
      "city": "Riverlands",
      "street": "Riverrun",
    },
  },
]